################################################################################
#                                                                              #
#      IAR Universal Linker V6.3.4.78                                          #
#                                                                              #
#           Link time     =  21/Apr/2016  14:47:49                             #
#           Target CPU    =  MSP430                                            #
#           List file     =  "C:\Users\David\Documents\ECE 306\Project-08 - Co #
#                            py\Debug\List\Project 08.map"                     #
#           Output file 1 =  "C:\Users\David\Documents\ECE 306\Project-08 - Co #
#                            py\Debug\Exe\Project 08.d43"                      #
#                            Format: ubrof10                                   #
#                            UBROF version 10.0.6                              #
#                            Using library modules for C-SPY (-rt)             #
#           Command line  =  "C:\Users\David\Documents\ECE 306\Project-08 - Co #
#                            py\Debug\Obj\adc.r43"                             #
#                            "C:\Users\David\Documents\ECE 306\Project-08 - Co #
#                            py\Debug\Obj\clocks.r43"                          #
#                            "C:\Users\David\Documents\ECE 306\Project-08 - Co #
#                            py\Debug\Obj\command_Structure.r43"               #
#                            "C:\Users\David\Documents\ECE 306\Project-08 - Co #
#                            py\Debug\Obj\init.r43"                            #
#                            "C:\Users\David\Documents\ECE 306\Project-08 - Co #
#                            py\Debug\Obj\interrupt_adc.r43"                   #
#                            "C:\Users\David\Documents\ECE 306\Project-08 - Co #
#                            py\Debug\Obj\interrupt_ports.r43"                 #
#                            "C:\Users\David\Documents\ECE 306\Project-08 - Co #
#                            py\Debug\Obj\interrupts_serial.r43"               #
#                            "C:\Users\David\Documents\ECE 306\Project-08 - Co #
#                            py\Debug\Obj\interrupts_timers.r43"               #
#                            "C:\Users\David\Documents\ECE 306\Project-08 - Co #
#                            py\LCD.r43"                                       #
#                            "C:\Users\David\Documents\ECE 306\Project-08 - Co #
#                            py\Debug\Obj\main.r43"                            #
#                            "C:\Users\David\Documents\ECE 306\Project-08 - Co #
#                            py\Debug\Obj\menus.r43"                           #
#                            "C:\Users\David\Documents\ECE 306\Project-08 - Co #
#                            py\Debug\Obj\motors.r43"                          #
#                            "C:\Users\David\Documents\ECE 306\Project-08 - Co #
#                            py\Debug\Obj\ports.r43"                           #
#                            "C:\Users\David\Documents\ECE 306\Project-08 - Co #
#                            py\Debug\Obj\system.r43"                          #
#                            "C:\Users\David\Documents\ECE 306\Project-08 - Co #
#                            py\Debug\Obj\timers.r43"                          #
#                            -o                                                #
#                            "C:\Users\David\Documents\ECE 306\Project-08 - Co #
#                            py\Debug\Exe\Project 08.d43"                      #
#                            -l                                                #
#                            "C:\Users\David\Documents\ECE 306\Project-08 - Co #
#                            py\Debug\List\Project 08.map"                     #
#                            -xesni                                            #
#                            "-IC:\Program Files (x86)\IAR Systems\Embedded Wo #
#                            rkbench 7.3\430\LIB\"                             #
#                            -f                                                #
#                            "C:\Program Files (x86)\IAR Systems\Embedded Work #
#                            bench 7.3\430\config\linker\lnk430fr5739.xcl"     #
#                            (-cmsp430 -QCODE_I=CODE_ID -QTLS16_I=TLS16_ID     #
#                            -D__iar_HWMUL=4C0 -Z(CONST)INFO=1800-18FF         #
#                            -Z(CONST)INFOA=1880-18FF                          #
#                            -Z(CONST)INFOB=1800-187F                          #
#                            -Z(DATA)DATA16_I,DATA16_Z,DATA16_N,TLS16_I=1C00-1 #
#                            FFF                                               #
#                            -Z(DATA)CODE_I                                    #
#                            -Z(DATA)DATA20_I,DATA20_Z,DATA20_N                #
#                            -Z(DATA)CSTACK+_STACK_SIZE#                       #
#                            -Z(CONST)DATA16_P,DATA20_P=C200-FF7F              #
#                            -Z(DATA)DATA16_HEAP+_DATA16_HEAP_SIZE,DATA20_HEAP #
#                            +_DATA20_HEAP_SIZE                                #
#                            -Z(CONST)MPU_B1                                   #
#                            -Z(CONST)DATA16_C,DATA16_ID,TLS16_ID,DIFUNCT,CHEC #
#                            KSUM=C200-FF7F                                    #
#                            -Z(CONST)DATA20_C,DATA20_ID -Z(CONST)MPU_B2       #
#                            -Z(CODE)CSTART,ISR_CODE,CODE_ID=C200-FF7F         #
#                            -P(CODE)CODE,CODE16=C200-FF7F -Z(CODE)CODE_PAD    #
#                            -Z(CONST)SIGNATURE=FF80-FF8F                      #
#                            -Z(CODE)INTVEC=FF90-FFFF                          #
#                            -Z(CODE)RESET=FFFE-FFFF) -f                       #
#                            "C:\Program Files (x86)\IAR Systems\Embedded Work #
#                            bench 7.3\430\config\linker\multiplier32.xcl"     #
#                            (-e?Mul8Hw=?Mul8 -e?Mul16Hw=?Mul16                #
#                            -e?Mul16to32uHw=?Mul16to32u                       #
#                            -e?Mul16to32sHw=?Mul16to32s -e?Mul32Hw32=?Mul32   #
#                            -e?Mul64Hw32=_Mul64i                              #
#                            -e?Mul32u32uto64iHw32=_Mul32u32uto64i             #
#                            -e?Mul32fHw32=_Mul32f                             #
#                            -e_Mul64fHw32Ptr=_Mul64fPtr) -D_STACK_SIZE=A0     #
#                            -rt                                               #
#                            "C:\Program Files (x86)\IAR Systems\Embedded Work #
#                            bench 7.3\430\lib\dlib\dl430xlsfn.r43"            #
#                            -e_PrintfLarge=_Printf -e_ScanfLarge=_Scanf       #
#                            -D_DATA16_HEAP_SIZE=A0 -s __program_start         #
#                            -D_DATA20_HEAP_SIZE=50                            #
#                                                                              #
#                           Copyright (C) 1987-2015 IAR Systems AB.            #
################################################################################





                ****************************************
                *                                      *
                *           CROSS REFERENCE            *
                *                                      *
                ****************************************

       Program entry at :           C512  Relocatable, from module : ?cstart




                ****************************************
                *                                      *
                *            RUNTIME MODEL             *
                *                                      *
                ****************************************

  __Heap_Handler             = Basic
  __SystemLibrary            = DLib
  __code_model               = large
  __core                     = 430X
  __data_model               = small
  __dlib_file_descriptor     = 0
  __dlib_full_locale_support = 0
  __double_size              = 32
  __pic                      = no
  __reg_r4                   = free
  __reg_r5                   = free
  __rt_version               = 3

                ****************************************
                *                                      *
                *    AUTOMATIC SYMBOL REDIRECTIONS     *
                *                                      *
                ****************************************

                  There are no automatic symbol redirections.

                ****************************************
                *                                      *
                *              ENTRY LIST              *
                *                                      *
                ****************************************

Module  Entry                              Address
------  -----                              -------
?FILLER_BYTES
?ABS_ENTRY_MOD
        _DATA20_HEAP_SIZE                   0050
        _DATA16_HEAP_SIZE                   00A0
        _STACK_SIZE                         00A0
        __iar_HWMUL                         04C0
adc ( C:\Users\David\Documents\ECE 306\Project-08 - Copy\Debug\Obj\adc.r43 )
        _A_ADC10CTL0_L                      0700
        _A_ADC10CTL1_L                      0702
        _A_ADC10CTL2_L                      0704
        _A_ADC10MCTL0_L                     070A
        _A_ADC10IE_L                        071A
        ADC_Process                         E1CE
        Init_ADC                            DD48
        HEXtoBCD                            DBF0
        IR_Calibration                      D7BC
        ?setjmp_save_r4                     NOT NEEDED
        ?setjmp_save_r5                     NOT NEEDED
        ADC10CTL0                           0700
        ADC10CTL0_H                         0701
        ADC10CTL0_L                         0700
        ADC10CTL1                           0702
        ADC10CTL1_H                         0703
        ADC10CTL1_L                         0702
        ADC10CTL2                           0704
        ADC10CTL2_H                         0705
        ADC10CTL2_L                         0704
        ADC10MCTL0                          070A
        ADC10MCTL0_H                        070B
        ADC10MCTL0_L                        070A
        ADC10IE                             071A
        ADC10IE_H                           071B
        ADC10IE_L                           071A
clocks ( C:\Users\David\Documents\ECE 306\Project-08 - Copy\Debug\Obj\clocks.r43 )
        _A_CSCTL0_L                         0160
        _A_CSCTL1_L                         0162
        _A_CSCTL2_L                         0164
        _A_CSCTL3_L                         0166
        _A_CSCTL4_L                         0168
        _A_WDTCTL_L                         015C
        Init_Clocks                         DC6A
        ?setjmp_save_r4                     NOT NEEDED
        ?setjmp_save_r5                     NOT NEEDED
        CSCTL0                              0160
        CSCTL0_H                            0161
        CSCTL0_L                            0160
        CSCTL1                              0162
        CSCTL1_H                            0163
        CSCTL1_L                            0162
        CSCTL2                              0164
        CSCTL2_H                            0165
        CSCTL2_L                            0164
        CSCTL3                              0166
        CSCTL3_H                            0167
        CSCTL3_L                            0166
        CSCTL4                              0168
        CSCTL4_H                            0169
        CSCTL4_L                            0168
        WDTCTL                              015C
        WDTCTL_H                            015D
        WDTCTL_L                            015C
command_Structure ( C:\Users\David\Documents\ECE 306\Project-08 - Copy\Debug\Obj\command_Structure.r43 )
        _A_UCA0TXBUF_L                      05CE
        _A_UCA1TXBUF_L                      05EE
        numberBuff                          1C7C
        time                                1C04
        startBlackLine                      1C06
        commandTree                         C7AA
        uart_puts                           E044
        ?setjmp_save_r4                     NOT NEEDED
        ?setjmp_save_r5                     NOT NEEDED
        UCA0TXBUF                           05CE
        UCA0TXBUF_H                         05CF
        UCA0TXBUF_L                         05CE
        UCA1TXBUF                           05EE
        UCA1TXBUF_H                         05EF
        UCA1TXBUF_L                         05EE
init ( C:\Users\David\Documents\ECE 306\Project-08 - Copy\Debug\Obj\init.r43 )
        _A_PJOUT_L                          0322
        _A_UCA0CTLW0_L                      05C0
        _A_UCA0BRW_L                        05C6
        _A_UCA0MCTLW_L                      05C8
        _A_UCA0IE_L                         05DA
        _A_UCA1CTLW0_L                      05E0
        _A_UCA1BRW_L                        05E6
        _A_UCA1MCTLW_L                      05E8
        _A_UCA1IE_L                         05FA
        Init_Conditions                     E192
        Init_Timers                         E348
        Init_LEDs                           E306
        Init_Serial_UCA0                    DCDC
        Init_Serial_UCA1                    DDB4
        ?setjmp_save_r4                     NOT NEEDED
        ?setjmp_save_r5                     NOT NEEDED
        PJOUT                               0322
        PJOUT_H                             0323
        PJOUT_L                             0322
        UCA0CTLW0                           05C0
        UCA0CTLW0_H                         05C1
        UCA0CTLW0_L                         05C0
        UCA0BRW                             05C6
        UCA0BRW_H                           05C7
        UCA0BRW_L                           05C6
        UCA0MCTLW                           05C8
        UCA0MCTLW_H                         05C9
        UCA0MCTLW_L                         05C8
        UCA0IE                              05DA
        UCA0IE_H                            05DB
        UCA0IE_L                            05DA
        UCA1CTLW0                           05E0
        UCA1CTLW0_H                         05E1
        UCA1CTLW0_L                         05E0
        UCA1BRW                             05E6
        UCA1BRW_H                           05E7
        UCA1BRW_L                           05E6
        UCA1MCTLW                           05E8
        UCA1MCTLW_H                         05E9
        UCA1MCTLW_L                         05E8
        UCA1IE                              05FA
        UCA1IE_H                            05FB
        UCA1IE_L                            05FA
interrupt_adc ( C:\Users\David\Documents\ECE 306\Project-08 - Copy\Debug\Obj\interrupt_adc.r43 )
        _A_ADC10CTL0_L                      NOT NEEDED
        _A_ADC10MCTL0_L                     NOT NEEDED
        _A_ADC10MEM0_L                      0712
        _A_ADC10IV_L                        071E
        channel                             1C08
        ADC10_ISR                           C53A
        ADC10_ISR::??INTVEC 92              FFEC
        ?setjmp_save_r4                     NOT NEEDED
        ?setjmp_save_r5                     NOT NEEDED
        ADC10CTL0                           0700
        ADC10CTL0_H                         0701
        ADC10CTL0_L                         0700
        ADC10MCTL0                          070A
        ADC10MCTL0_H                        070B
        ADC10MCTL0_L                        070A
        ADC10MEM0                           0712
        ADC10MEM0_H                         0713
        ADC10MEM0_L                         0712
        ADC10IV                             071E
        ADC10IV_H                           071F
        ADC10IV_L                           071E
interrupt_ports ( C:\Users\David\Documents\ECE 306\Project-08 - Copy\Debug\Obj\interrupt_ports.r43 )
        _A_PBIE_L                           023A
        _A_PBIFG_L                          023C
        TA0CCTL0                            0342
        switch_one_pressed                  1C0A
        switch_two_pressed                  1C0C
        switch_one_debounce                 1C0E
        switch_two_debounce                 1C10
        debounce_count_one                  1C12
        debounce_count_two                  1C14
        switch_interrupt                    C5A2
        switch_interrupt::??INTVEC 64       FFD0
        ?setjmp_save_r4                     NOT NEEDED
        ?setjmp_save_r5                     NOT NEEDED
        PBIE                                023A
        PBIE_H                              023B
        PBIE_L                              023A
        PBIFG                               023C
        PBIFG_H                             023D
        PBIFG_L                             023C
interrupts_serial ( C:\Users\David\Documents\ECE 306\Project-08 - Copy\Debug\Obj\interrupts_serial.r43 )
        _A_UCA0RXBUF_L                      05CC
        _A_UCA0TXBUF_L                      NOT NEEDED
        UCA0IV                              05DE
        _A_UCA1RXBUF_L                      05EC
        _A_UCA1TXBUF_L                      NOT NEEDED
        UCA1IV                              05FE
        usb_rx_ring_wr0                     1C16
        usb_rx_ring_rd0                     1C18
        usb_tx_ring_wr0                     1C1A
        usb_tx_ring_rd0                     1C1C
        usb_rx_ring_wr1                     1C1E
        usb_rx_ring_rd1                     1C20
        usb_tx_ring_wr1                     1C22
        usb_tx_ring_rd1                     1C24
        USB_Char_Rx0                        1C81
        USB_Char_Tx0                        1C91
        USB_Char_Rx1                        1CA1
        USB_Char_Tx1                        1CB1
        USCI_A0_ISR                         C5F2
        USCI_A1_ISR                         C658
        USCI_A1_ISR::??INTVEC 86            FFE6
        USCI_A0_ISR::??INTVEC 96            FFF0
        ?setjmp_save_r4                     NOT NEEDED
        ?setjmp_save_r5                     NOT NEEDED
        UCA0RXBUF                           05CC
        UCA0RXBUF_H                         05CD
        UCA0RXBUF_L                         05CC
        UCA0TXBUF                           05CE
        UCA0TXBUF_H                         05CF
        UCA0TXBUF_L                         05CE
        UCA1RXBUF                           05EC
        UCA1RXBUF_H                         05ED
        UCA1RXBUF_L                         05EC
        UCA1TXBUF                           05EE
        UCA1TXBUF_H                         05EF
        UCA1TXBUF_L                         05EE
interrupts_timers ( C:\Users\David\Documents\ECE 306\Project-08 - Copy\Debug\Obj\interrupts_timers.r43 )
        _A_PBIE_L                           NOT NEEDED
        _A_PBIFG_L                          NOT NEEDED
        TA0CCTL0                            NOT NEEDED
        TA0CCR0                             0352
        TA0CCR1                             0354
        TA0CCR2                             0356
        TA0IV                               036E
        motor_time                          1C26
        Timer0_A0_ISR                       C6F8
        TIMER0_A1_ISR                       C752
        TIMER0_A1_ISR::??INTVEC 88          FFE8
        Timer0_A0_ISR::??INTVEC 90          FFEA
        ?setjmp_save_r4                     NOT NEEDED
        ?setjmp_save_r5                     NOT NEEDED
        PBIE                                023A
        PBIE_H                              023B
        PBIE_L                              023A
        PBIFG                               023C
        PBIFG_H                             023D
        PBIFG_L                             023C
LCD ( C:\Users\David\Documents\ECE 306\Project-08 - Copy\LCD.r43 )
        _A_PAOUT_L                          0202
        _A_PBOUT_L                          0222
        _A_UCB0CTLW0_L                      0640
        _A_UCB0BRW_L                        0646
        _A_UCB0TXBUF_L                      064E
        _A_UCB0IFG_L                        066C
        SPI_Char                            NOT NEEDED
        lcd_control                         NOT NEEDED
        display_line_1                      1CC1
        display_line_2                      1CCC
        display_line_3                      1CD7
        display_line_4                      1CE2
        display_1                           1C28
        display_2                           1C2A
        display_3                           1C2C
        display_4                           1C2E
        char_count                          NOT NEEDED
        current_line                        NOT NEEDED
        update_display_count                NOT NEEDED
        display_update_time                 NOT NEEDED
        spi_chipselect_idle                 E29E
        spi_chipselect_active               E33C
        spi_reset_idle                      E374
        spi_reset_active                    E36C
        Init_LCD                            D928
        lcd_4line                           E37C
        lcd_BIG_mid                         E200
        lcd_out                             E10E
        lcd_puts                            NOT NEEDED
        WriteIns                            E0E8
        WriteData                           E0C2
        CheckBusy                           NOT NEEDED
        ClrDisplay                          E360
        SetPostion                          E2C2
        DisplayOnOff                        E2E6
        Init_SPI_B0                         DF96
        SPI_B0_write                        E22E
        ?setjmp_save_r4                     NOT NEEDED
        ?setjmp_save_r5                     NOT NEEDED
        PAOUT                               0202
        PAOUT_H                             0203
        PAOUT_L                             0202
        PBOUT                               0222
        PBOUT_H                             0223
        PBOUT_L                             0222
        UCB0CTLW0                           0640
        UCB0CTLW0_H                         0641
        UCB0CTLW0_L                         0640
        UCB0BRW                             0646
        UCB0BRW_H                           0647
        UCB0BRW_L                           0646
        UCB0TXBUF                           064E
        UCB0TXBUF_H                         064F
        UCB0TXBUF_L                         064E
        UCB0IFG                             066C
        UCB0IFG_H                           066D
        UCB0IFG_L                           066C
main ( C:\Users\David\Documents\ECE 306\Project-08 - Copy\Debug\Obj\main.r43 )
        _A_PJOUT_L                          NOT NEEDED
        control_state                       NOT NEEDED
        led_smclk                           NOT NEEDED
        one_time                            NOT NEEDED
        five_msec_delay                     1C30
        posL1                               1CED
        posL2                               1CEE
        posL3                               1CEF
        posL4                               1CF0
        display_count                       1C32
        adc_char                            1CF1
        ADC_Left_Detector                   1C34
        ADC_Right_Detector                  1C36
        ADC_Thumb                           1C38
        left_calibration_black              1C3A
        right_calibration_black             1C3C
        left_calibration_white              1C3E
        right_calibration_white             1C40
        menu_items                          1C42
        thresholdR                          1C44
        thresholdL                          1C46
        commandBuffer                       1CF6
        commandIndex                        1C48
        writeCommandFG                      1C4A
        i                                   1C4C
        j                                   1C4E
        k                                   1C50
        transmitFG                          1C00
        StartCommandFG                      1C52
        macFG                               1C54
        IOTBufferReceive                    1D14
        IOTIndexTransmit                    NOT NEEDED
        IOTIndexReceive                     1C56
        newLineFG                           1C58
        SSIDBuff                            1D78
        firstipBuff                         1D83
        secondipBuff                        1D8E
        macPtr                              NOT NEEDED
        ipPtr                               1C5A
        SSIDPtr                             1C5C
        countP                              1C5E
        receiving                           1D99
        receivingInd                        1C60
        start_on_whiteFG                    1C62
        black_line_stop                     1C64
        display_IPFG                        1C66
        reconnectTimer                      1C68
        pingTimer                           1C6A
        trackTimer                          1C6C
        startTrackFG                        1C6E
        main                                D354
        clearReceiveBuffer                  E070
        parseIOTData                        D17E
        atoi                                E09A
        ?setjmp_save_r4                     NOT NEEDED
        ?setjmp_save_r5                     NOT NEEDED
        PJOUT                               0322
        PJOUT_H                             0323
        PJOUT_L                             0322
menus ( C:\Users\David\Documents\ECE 306\Project-08 - Copy\Debug\Obj\menus.r43 )
        BaudMenuFG                          1C70
        IOTMenuFG                           1C72
        MainFG                              1C02
        Menu_Process                        D6B4
        Baud_Menu                           DAF2
        IOT_Menu                            CF1C
        ?setjmp_save_r4                     NOT NEEDED
        ?setjmp_save_r5                     NOT NEEDED
motors ( C:\Users\David\Documents\ECE 306\Project-08 - Copy\Debug\Obj\motors.r43 )
        _A_PAOUT_L                          NOT NEEDED
        _A_PBSEL0_L                         022A
        _A_PBSEL1_L                         022C
        TB1CCR1                             0414
        TB1CCR2                             0416
        TB2CCR1                             0454
        TB2CCR2                             0456
        left_wheel_forward_on               E1B0
        left_wheel_forward_off              E268
        right_wheel_forward_on              E132
        right_wheel_forward_off             E27A
        left_wheel_reverse_on               E172
        left_wheel_reverse_off              E2D4
        right_wheel_reverse_on              E152
        right_wheel_reverse_off             E2B0
        IR_LED_ON                           E384
        IR_LED_OFF                          E390
        active_breaking_left                E322
        active_breaking_right               E314
        blackline                           D47E
        ?setjmp_save_r4                     NOT NEEDED
        ?setjmp_save_r5                     NOT NEEDED
        PAOUT                               0202
        PAOUT_H                             0203
        PAOUT_L                             0202
        PBSEL0                              022A
        PBSEL0_H                            022B
        PBSEL0_L                            022A
        PBSEL1                              022C
        PBSEL1_H                            022D
        PBSEL1_L                            022C
ports ( C:\Users\David\Documents\ECE 306\Project-08 - Copy\Debug\Obj\ports.r43 )
        _A_PAOUT_L                          NOT NEEDED
        _A_PADIR_L                          0204
        _A_PAREN_L                          0206
        _A_PASEL0_L                         020A
        _A_PASEL1_L                         020C
        _A_PBOUT_L                          NOT NEEDED
        _A_PBDIR_L                          0224
        _A_PBREN_L                          0226
        _A_PBSEL0_L                         NOT NEEDED
        _A_PBSEL1_L                         NOT NEEDED
        _A_PBIES_L                          0238
        _A_PBIE_L                           NOT NEEDED
        _A_PBIFG_L                          NOT NEEDED
        _A_PJOUT_L                          NOT NEEDED
        _A_PJDIR_L                          0324
        _A_PJSEL0_L                         032A
        _A_PJSEL1_L                         032C
        Init_Ports                          E218
        Init_Port1                          DA62
        Init_Port2                          D9C8
        Init_Port3                          D87A
        Init_Port4                          DE6E
        Init_PortJ                          DE20
        IOTHardwareReset                    E256
        ?setjmp_save_r4                     NOT NEEDED
        ?setjmp_save_r5                     NOT NEEDED
        PAOUT                               0202
        PAOUT_H                             0203
        PAOUT_L                             0202
        PADIR                               0204
        PADIR_H                             0205
        PADIR_L                             0204
        PAREN                               0206
        PAREN_H                             0207
        PAREN_L                             0206
        PASEL0                              020A
        PASEL0_H                            020B
        PASEL0_L                            020A
        PASEL1                              020C
        PASEL1_H                            020D
        PASEL1_L                            020C
        PBOUT                               0222
        PBOUT_H                             0223
        PBOUT_L                             0222
        PBDIR                               0224
        PBDIR_H                             0225
        PBDIR_L                             0224
        PBREN                               0226
        PBREN_H                             0227
        PBREN_L                             0226
        PBSEL0                              022A
        PBSEL0_H                            022B
        PBSEL0_L                            022A
        PBSEL1                              022C
        PBSEL1_H                            022D
        PBSEL1_L                            022C
        PBIES                               0238
        PBIES_H                             0239
        PBIES_L                             0238
        PBIE                                023A
        PBIE_H                              023B
        PBIE_L                              023A
        PBIFG                               023C
        PBIFG_H                             023D
        PBIFG_L                             023C
        PJOUT                               0322
        PJOUT_H                             0323
        PJOUT_L                             0322
        PJDIR                               0324
        PJDIR_H                             0325
        PJDIR_L                             0324
        PJSEL0                              032A
        PJSEL0_H                            032B
        PJSEL0_L                            032A
        PJSEL1                              032C
        PJSEL1_H                            032D
        PJSEL1_L                            032C
system ( C:\Users\David\Documents\ECE 306\Project-08 - Copy\Debug\Obj\system.r43 )
        enable_interrupts                   E38A
        ?setjmp_save_r4                     NOT NEEDED
        ?setjmp_save_r5                     NOT NEEDED
timers ( C:\Users\David\Documents\ECE 306\Project-08 - Copy\Debug\Obj\timers.r43 )
        TA0CTL                              0340
        TA0CCTL0                            NOT NEEDED
        TA0CCTL1                            0344
        TA0CCTL2                            0346
        TA0CCR0                             NOT NEEDED
        TA0CCR1                             NOT NEEDED
        TA0CCR2                             NOT NEEDED
        TA0EX0                              0360
        TB1CTL                              0400
        TB1CCTL1                            0404
        TB1CCTL2                            0406
        TB1CCR0                             0412
        TB1CCR1                             NOT NEEDED
        TB1CCR2                             NOT NEEDED
        TB2CTL                              0440
        TB2CCTL1                            0444
        TB2CCTL2                            0446
        TB2CCR0                             0452
        TB2CCR1                             NOT NEEDED
        TB2CCR2                             NOT NEEDED
        right_forward_rate                  1C74
        right_reverse_rate                  1C76
        left_forward_rate                   1C78
        left_reverse_rate                   1C7A
        Five_msec_Delay                     E354
        Timer_code                          NOT NEEDED
        Display_Process                     DF52
        Init_Timer_A0                       DF08
        Init_Timer_B1                       E00C
        Init_Timer_B2                       DFD4
        ?setjmp_save_r4                     NOT NEEDED
        ?setjmp_save_r5                     NOT NEEDED
?abort ( C:\Program Files (x86)\IAR Systems\Embedded Workbench 7.3\430\lib\dlib\dl430xlsfn.r43 )
        abort                               NOT NEEDED
?__dbg_break ( C:\Program Files (x86)\IAR Systems\Embedded Workbench 7.3\430\lib\dlib\dl430xlsfn.r43 )
        __DebugBreak                        E3A2
?__dwrite ( C:\Program Files (x86)\IAR Systems\Embedded Workbench 7.3\430\lib\dlib\dl430xlsfn.r43 )
        __dwrite                            NOT NEEDED
?__exit ( C:\Program Files (x86)\IAR Systems\Embedded Workbench 7.3\430\lib\dlib\dl430xlsfn.r43 )
        __exit                              E242
?__write ( C:\Program Files (x86)\IAR Systems\Embedded Workbench 7.3\430\lib\dlib\dl430xlsfn.r43 )
        __write                             NOT NEEDED
?_exit ( C:\Program Files (x86)\IAR Systems\Embedded Workbench 7.3\430\lib\dlib\dl430xlsfn.r43 )
        _exit                               E396
        __cstart_call_dtors                 NOT NEEDED
        __cstart_closeall                   NOT NEEDED
        __cstart_clearlocks                 NOT NEEDED
?cppinit ( C:\Program Files (x86)\IAR Systems\Embedded Workbench 7.3\430\lib\dlib\dl430xlsfn.r43 )
        __call_ctors                        NOT NEEDED
        __alloc_record_needed_destruction   NOT NEEDED
        __record_needed_destruction         NOT NEEDED
        __call_dtors                        NOT NEEDED
        __data16_vec_cctor                  NOT NEEDED
?cstart ( C:\Program Files (x86)\IAR Systems\Embedded Workbench 7.3\430\lib\dlib\dl430xlsfn.r43 )
        __program_start                     C512
        ?cstart_begin                       C512
        ?cstart_call_mpu_init               NOT NEEDED
        ?cstart_call_low_level_init         NOT NEEDED
        ?cstart_init_copy_ramfunc           NOT NEEDED
        ?cstart_init_zero                   C516
        ?cstart_init_copy                   C522
        ?cstart_init_zero20                 NOT NEEDED
        ?cstart_init_copy20                 NOT NEEDED
        __cstart_init_tls                   NOT NEEDED
        ?cstart_call_ctors                  NOT NEEDED
        ?cstart_call_main                   C532
        ?cstart_end                         C53A
lowinit ( C:\Program Files (x86)\IAR Systems\Embedded Workbench 7.3\430\lib\dlib\dl430xlsfn.r43 )
        __low_level_init                    NOT NEEDED
?reset_vector ( C:\Program Files (x86)\IAR Systems\Embedded Workbench 7.3\430\lib\dlib\dl430xlsfn.r43 )
        ?reset_vector                       FFFE
?exit ( C:\Program Files (x86)\IAR Systems\Embedded Workbench 7.3\430\lib\dlib\dl430xlsfn.r43 )
        exit                                E39A
?Mul32fHw32 ( C:\Program Files (x86)\IAR Systems\Embedded Workbench 7.3\430\lib\dlib\dl430xlsfn.r43 )
        ?Mul32fHw32                         D59E
?Cast32f32i ( C:\Program Files (x86)\IAR Systems\Embedded Workbench 7.3\430\lib\dlib\dl430xlsfn.r43 )
        _Cast32sto32f                       NOT NEEDED
        _Cast32uto32f                       DB72
_Cast32fto32u ( C:\Program Files (x86)\IAR Systems\Embedded Workbench 7.3\430\lib\dlib\dl430xlsfn.r43 )
        _Cast32fto32u                       E330
?FLT_Extract ( C:\Program Files (x86)\IAR Systems\Embedded Workbench 7.3\430\lib\dlib\dl430xlsfn.r43 )
        ?FLT_Extract                        DEBC
?malloc ( C:\Program Files (x86)\IAR Systems\Embedded Workbench 7.3\430\lib\dlib\dl430xlsfn.r43 )
        malloc                              NOT NEEDED
?DivMod816u ( C:\Program Files (x86)\IAR Systems\Embedded Workbench 7.3\430\lib\dlib\dl430xlsfn.r43 )
        ?DivMod8u                           NOT NEEDED
        ?DivMod16u                          E1E8
?memcpy ( C:\Program Files (x86)\IAR Systems\Embedded Workbench 7.3\430\lib\dlib\dl430xlsfn.r43 )
        memcpy                              E28C
?memmove ( C:\Program Files (x86)\IAR Systems\Embedded Workbench 7.3\430\lib\dlib\dl430xlsfn.r43 )
        memmove                             NOT NEEDED
?memzero ( C:\Program Files (x86)\IAR Systems\Embedded Workbench 7.3\430\lib\dlib\dl430xlsfn.r43 )
        __data16_memzero                    E2F6
        __data16_memcpy                     E39E
        __data16_memmove                    NOT NEEDED
?MpuInit ( C:\Program Files (x86)\IAR Systems\Embedded Workbench 7.3\430\lib\dlib\dl430xlsfn.r43 )
        __iar_430_mpu_init                  NOT NEEDED
        ?mpu1_4k_init                       NOT NEEDED
        ?mpu1_8k_init                       NOT NEEDED
        ?mpu1_16k_init                      NOT NEEDED
        ?mpu2_init                          NOT NEEDED
?setjmp ( C:\Program Files (x86)\IAR Systems\Embedded Workbench 7.3\430\lib\dlib\dl430xlsfn.r43 )
        setjmp                              NOT NEEDED
        ?setjmp_r5                          NOT NEEDED
        ?setjmp_r4                          NOT NEEDED
        ?setjmp_end                         NOT NEEDED
?longjmp ( C:\Program Files (x86)\IAR Systems\Embedded Workbench 7.3\430\lib\dlib\dl430xlsfn.r43 )
        longjmp                             NOT NEEDED
        ?longjmp_r5                         NOT NEEDED
        ?longjmp_r4                         NOT NEEDED
        ?longjmp_end                        NOT NEEDED
?IndCallR11 ( C:\Program Files (x86)\IAR Systems\Embedded Workbench 7.3\430\lib\dlib\dl430xlsfn.r43 )
        ?IndCallR11                         NOT NEEDED
?IndCallR15 ( C:\Program Files (x86)\IAR Systems\Embedded Workbench 7.3\430\lib\dlib\dl430xlsfn.r43 )
        ?IndCallR15                         NOT NEEDED
?xcloseall ( C:\Program Files (x86)\IAR Systems\Embedded Workbench 7.3\430\lib\dlib\dl430xlsfn.r43 )
        _Close_all                          NOT NEEDED
?xgetmemchunk ( C:\Program Files (x86)\IAR Systems\Embedded Workbench 7.3\430\lib\dlib\dl430xlsfn.r43 )
        __data16_GetMemChunk                NOT NEEDED
?xxmemxfree ( C:\Program Files (x86)\IAR Systems\Embedded Workbench 7.3\430\lib\dlib\dl430xlsfn.r43 )
        __data16_free                       NOT NEEDED
?xxmemxmalloc ( C:\Program Files (x86)\IAR Systems\Embedded Workbench 7.3\430\lib\dlib\dl430xlsfn.r43 )
        __data16_Aldata                     NOT NEEDED
        __data16_malloc                     NOT NEEDED
        __data16_findmem                     LOCAL, NOT NEEDED


                ****************************************
                *                                      *
                *            MODULE SUMMARY            *
                *                                      *
                ****************************************

Module               CODE      DATA      CONST
------               ----      ----      -----
                    (Rel)  (Rel)  (Abs)  (Rel)
?Cast32f32i           126
?DivMod816u            24
?FLT_Extract           76
?Mul32fHw32           278
?__dbg_break            2
?__exit                20
?_exit                  4
?cstart                40
?exit                   4
?memcpy                18
?memzero               20
?reset_vector           2
LCD                   478     52      8
  + shared                            4
_Cast32fto32u          12
adc                   446             6     33
  + shared                            4
clocks                114            12
command_Structure   1 950      9           176
  + shared                            4
init                  272            16
  + shared                            2
interrupt_adc         104      2      4
  + common             94
interrupt_ports        80     12
  + shared             66             6
  + common
interrupts_serial     262     80      8
  + common             98
interrupts_timers     178      2      2
  + shared             92             6
  + common
main                  850    338            89
menus               1 002      6           488
motors                526
  + shared                           12
ports                 668            20
system                  6
timers                266      8     24
N/A (command line)           160
N/A (alignment)
----------          -----    ---    ---    ---
Total:              7 828    669    138    786
  + common             98


                ****************************************
                *                                      *
                *      SEGMENTS IN ADDRESS ORDER       *
                *                                      *
                ****************************************


SEGMENT              SPACE    START ADDRESS   END ADDRESS     SIZE  TYPE  ALIGN
=======              =====    =============   ===========     ====  ====  =====
DATA16_AN                              015C - 015D               2   rel    0
                                       0160 - 0169               A 
                                       0202 - 0207               6 
                                       020A - 020D               4 
                                       0222 - 0227               6 
                                       022A - 022D               4 
                                       0238 - 023D               6 
                                       0322 - 0325               4 
                                       032A - 032D               4 
                                       0340 - 0347               8 
                                       0352 - 0357               6 
                                       0360 - 0361               2 
                                       036E - 036F               2 
                                       0400 - 0401               2 
                                       0404 - 0407               4 
                                       0412 - 0417               6 
                                       0440 - 0441               2 
                                       0444 - 0447               4 
                                       0452 - 0457               6 
                                       05C0 - 05C1               2 
                                       05C6 - 05C9               4 
                                       05CC - 05CF               4 
                                       05DA - 05DB               2 
                                       05DE - 05E1               4 
                                       05E6 - 05E9               4 
                                       05EC - 05EF               4 
                                       05FA - 05FB               2 
                                       05FE - 05FF               2 
                                       0640 - 0641               2 
                                       0646 - 0647               2 
                                       064E - 064F               2 
                                       066C - 066D               2 
                                       0700 - 0705               6 
                                       070A - 070B               2 
                                       0712 - 0713               2 
                                       071A - 071B               2 
                                       071E - 071F               2 
DATA16_I                               1C00 - 1C03               4   rel    1
DATA16_Z                               1C04 - 1DFC             1F9   rel    1
DATA20_I                                  1DFE                       rel    1
DATA20_Z                                  1DFE                       rel    1
DATA20_N                                  1DFE                       rel    1
CODE_I                                    1DFE                       rel    1
CSTACK                                 1F60 - 1FFF              A0   rel    1
DATA16_C                               C200 - C50D             30E   rel    0
DATA16_ID                              C50E - C511               4   rel    1
DATA20_ID                                 C512                       rel    1
DATA20_C                                  C512                       rel    1
CSTART                                 C512 - C539              28   rel    1
ISR_CODE                               C53A - C7A9             270   rel    1
CODE_ID                                   C7AA                       rel    1
<CODE> 1                               C7AA - E3A3            1BFA   rel    1
INTVEC                                 FF90 - FFF1              62   com    1
RESET                                  FFFE - FFFF               2   rel    1

                ****************************************
                *                                      *
                *        END OF CROSS REFERENCE        *
                *                                      *
                ****************************************

 7 926 bytes of CODE  memory
   669 bytes of DATA  memory (+ 138 absolute )
   786 bytes of CONST memory

Errors: none
Warnings: none

