###############################################################################
#
# IAR C/C++ Compiler V6.40.1.950/W32 for MSP430           11/Apr/2016  14:23:12
# Copyright 1996-2015 IAR Systems AB.
# Standalone license - IAR Embedded Workbench for Texas Instruments MSP430, 8K KickStart Edition 6.40
#
#    __rt_version  =  3
#    __double_size =  32
#    __reg_r4      =  free
#    __reg_r5      =  free
#    __pic         =  no
#    __core        =  430X
#    __data_model  =  small
#    __code_model  =  large
#    Source file   =  D:\Project-07-Final\main.c
#    Command line  =  
#        D:\Project-07-Final\main.c -lC D:\Project-07-Final\Debug\List -o
#        D:\Project-07-Final\Debug\Obj --no_cse --no_unroll --no_inline
#        --no_code_motion --no_tbaa --debug -D__MSP430FR5739__ -e --double=32
#        --dlib_config "C:\Program Files (x86)\IAR Systems\Embedded Workbench
#        7.3\430\lib\dlib\dl430xlsfn.h" --core=430X --data_model=small -On
#        --multiplier=32 --hw_workaround=CPU40 --code_model=large
#    List file     =  D:\Project-07-Final\Debug\List\main.lst
#    Object file   =  D:\Project-07-Final\Debug\Obj\main.r43
#
###############################################################################

D:\Project-07-Final\main.c
      1          //------------------------------------------------------------------------------
      2          //  File Name : main.c
      3          //
      4          //  Description: This file contains the Main Routine - "While" Operating System
      5          //
      6          //
      7          //  David Pryor
      8          //  Jan 2016
      9          //  Built with IAR Embedded Workbench Version: V7.3.1.3987 (6.40.1)
     10          //------------------------------------------------------------------------------
     11          
     12          //------------------------------------------------------------------------------
     13          #include  "macros.h"
     14          #include  "msp430.h"

   \                                 In  segment DATA16_AN, at 0x322
   \   union <unnamed> _A_PJOUT_L
   \                     _A_PJOUT_L:
   \   000000                DS8 2

   \                                 In  segment DATA16_AN, at 0x5e6
   \   union <unnamed> _A_UCA1BRW_L
   \                     _A_UCA1BRW_L:
   \   000000                DS8 2
     15          #include  "functions.h"
     16          
     17          // Required defines
     18          // In the event the universe no longer exists, this bit will reset
     19          // ALWAYS                                       (1)
     20          // CNTL_STATE_INDEX                             (3) // Control States
     21          // SW1                  	                (0x01) // Switch 1
     22          // SW2                  	                (0x02) // Switch 2
     23          // START				        (0x00)
     24          // MAX_SIZE_COUNT			        (0x05) 
     25          // LINE_POS_1                                   (0x01) // starting postion on lcd
     26          // LINE_POS_2                                   (0x02) // starting postion on lcd
     27          // LINE_POS_3                                   (0x03) // starting postion on lcd
     28          // LCD--------------------------------------------------------------------------
     29          // LCD_HOME_L1	                                (0x80)
     30          // LCD_HOME_L2         	                        (0xA0)
     31          // LCD_HOME_L3         	                        (0xC0)
     32          // LCD_HOME_L4         	                        (0xE0)
     33          // LINE_SIZE				        (0x0B)
     34          // CASE NUMBERS (THESE ARE TEMPORARY FILLERS!)----------------------------------
     35          // COUNT_TWOFIDDY_MSEC			        (0x32) //50
     36          // COUNT_FIVEHUNNED_MSEC			(0x64) //100
     37          // COUNT_SEVENFIDDY_MSEC			(0x96) //150
     38          // COUNT_ONETHOUSAND_MSEC			(0xC8) //200
     39          // COUNT_TWELVEFIDDY_MSEC			(0xFA) //250
     40          // SWITCHES---------------------------------------------------------------------
     41          // SWITCH_OFF				        (0x00)
     42          // SWITCH_ON			                (0x01)
     43          //------------------------------------------------------------------------------
     44          
     45          
     46          
     47          // Global Variables

   \                                 In  segment DATA16_Z, align 1, align-sorted
   \   000000                REQUIRE ?cstart_init_zero
     48          volatile unsigned char control_state[CNTL_STATE_INDEX];
   \                     control_state:
   \   000000                DS8 3

   \                                 In  segment DATA16_Z, align 2, align-sorted
   \   000000                REQUIRE ?cstart_init_zero
     49          volatile unsigned int Time_Sequence;
   \                     Time_Sequence:
   \   000000                DS8 2

   \                                 In  segment DATA16_Z, align 1, align-sorted
   \   000000                REQUIRE ?cstart_init_zero
     50          char led_smclk;
   \                     led_smclk:
   \   000000                DS8 1

   \                                 In  segment DATA16_Z, align 1, align-sorted
   \   000000                REQUIRE ?cstart_init_zero
     51          volatile char one_time;
   \                     one_time:
   \   000000                DS8 1

   \                                 In  segment DATA16_Z, align 2, align-sorted
   \   000000                REQUIRE ?cstart_init_zero
     52          volatile unsigned int five_msec_delay;
   \                     five_msec_delay:
   \   000000                DS8 2
     53          extern char display_line_1[LINE_SIZE];
     54          extern char display_line_2[LINE_SIZE];
     55          extern char display_line_3[LINE_SIZE];
     56          extern char display_line_4[LINE_SIZE];
     57          extern char *display_1;
     58          extern char *display_2;
     59          extern char *display_3;
     60          extern char *display_4;

   \                                 In  segment DATA16_Z, align 1, align-sorted
   \   000000                REQUIRE ?cstart_init_zero
     61          char posL1;
   \                     posL1:
   \   000000                DS8 1

   \                                 In  segment DATA16_Z, align 1, align-sorted
   \   000000                REQUIRE ?cstart_init_zero
     62          char posL2;
   \                     posL2:
   \   000000                DS8 1

   \                                 In  segment DATA16_Z, align 1, align-sorted
   \   000000                REQUIRE ?cstart_init_zero
     63          char posL3;
   \                     posL3:
   \   000000                DS8 1

   \                                 In  segment DATA16_Z, align 1, align-sorted
   \   000000                REQUIRE ?cstart_init_zero
     64          char posL4;
   \                     posL4:
   \   000000                DS8 1

   \                                 In  segment DATA16_Z, align 1, align-sorted
   \   000000                REQUIRE ?cstart_init_zero
     65          char size_count;
   \                     size_count:
   \   000000                DS8 1

   \                                 In  segment DATA16_Z, align 1, align-sorted
   \   000000                REQUIRE ?cstart_init_zero
     66          char big;
   \                     big:
   \   000000                DS8 1

   \                                 In  segment DATA16_Z, align 2, align-sorted
   \   000000                REQUIRE ?cstart_init_zero
     67          volatile unsigned int do_this = FALSE;
   \                     do_this:
   \   000000                DS8 2

   \                                 In  segment DATA16_Z, align 2, align-sorted
   \   000000                REQUIRE ?cstart_init_zero
     68          volatile unsigned int display_count = 0; //used to write display every 250ms
   \                     display_count:
   \   000000                DS8 2

   \                                 In  segment DATA16_Z, align 1, align-sorted
   \   000000                REQUIRE ?cstart_init_zero
     69          char adc_char[5];
   \                     adc_char:
   \   000000                DS8 5

   \                                 In  segment DATA16_Z, align 2, align-sorted
   \   000000                REQUIRE ?cstart_init_zero
     70          volatile unsigned int ADC_Left_Detector;
   \                     ADC_Left_Detector:
   \   000000                DS8 2

   \                                 In  segment DATA16_Z, align 2, align-sorted
   \   000000                REQUIRE ?cstart_init_zero
     71          volatile unsigned int ADC_Right_Detector;
   \                     ADC_Right_Detector:
   \   000000                DS8 2

   \                                 In  segment DATA16_Z, align 2, align-sorted
   \   000000                REQUIRE ?cstart_init_zero
     72          volatile unsigned int ADC_Thumb;
   \                     ADC_Thumb:
   \   000000                DS8 2

   \                                 In  segment DATA16_Z, align 2, align-sorted
   \   000000                REQUIRE ?cstart_init_zero
     73          unsigned int left_calibration_black;
   \                     left_calibration_black:
   \   000000                DS8 2

   \                                 In  segment DATA16_Z, align 2, align-sorted
   \   000000                REQUIRE ?cstart_init_zero
     74          unsigned int right_calibration_black;
   \                     right_calibration_black:
   \   000000                DS8 2

   \                                 In  segment DATA16_Z, align 2, align-sorted
   \   000000                REQUIRE ?cstart_init_zero
     75          unsigned int left_calibration_white;
   \                     left_calibration_white:
   \   000000                DS8 2

   \                                 In  segment DATA16_Z, align 2, align-sorted
   \   000000                REQUIRE ?cstart_init_zero
     76          unsigned int right_calibration_white;
   \                     right_calibration_white:
   \   000000                DS8 2

   \                                 In  segment DATA16_Z, align 2, align-sorted
   \   000000                REQUIRE ?cstart_init_zero
     77          unsigned int left_calibration_ambient;
   \                     left_calibration_ambient:
   \   000000                DS8 2

   \                                 In  segment DATA16_Z, align 2, align-sorted
   \   000000                REQUIRE ?cstart_init_zero
     78          unsigned int right_calibration_ambient;
   \                     right_calibration_ambient:
   \   000000                DS8 2
     79          extern volatile unsigned int switch_one_pressed;
     80          extern volatile unsigned int switch_two_pressed;

   \                                 In  segment DATA16_Z, align 2, align-sorted
   \   000000                REQUIRE ?cstart_init_zero
     81          unsigned int menu_items = FALSE;
   \                     menu_items:
   \   000000                DS8 2

   \                                 In  segment DATA16_Z, align 2, align-sorted
   \   000000                REQUIRE ?cstart_init_zero
     82          unsigned int threshold;
   \                     threshold:
   \   000000                DS8 2
     83          extern volatile char USB_Char_Rx0[SMALL_RING_SIZE];
     84          extern volatile char USB_Char_Rx1[SMALL_RING_SIZE];
     85          extern unsigned int BaudMenuFG;
     86          extern unsigned int IOTMenuFG;
     87          extern unsigned int MainFG;
     88          

   \                                 In  segment DATA16_Z, align 1, align-sorted
   \   000000                REQUIRE ?cstart_init_zero
     89          volatile char commandBuffer[30];
   \                     commandBuffer:
   \   000000                DS8 30

   \                                 In  segment DATA16_Z, align 2, align-sorted
   \   000000                REQUIRE ?cstart_init_zero
     90          volatile unsigned int commandIndex=0;
   \                     commandIndex:
   \   000000                DS8 2

   \                                 In  segment DATA16_Z, align 2, align-sorted
   \   000000                REQUIRE ?cstart_init_zero
     91          unsigned int writeCommandFG=FALSE;
   \                     writeCommandFG:
   \   000000                DS8 2

   \                                 In  segment DATA16_Z, align 2, align-sorted
   \   000000                REQUIRE ?cstart_init_zero
     92          unsigned int i, j, k; //counter variable
   \                     i:
   \   000000                DS8 2

   \                                 In  segment DATA16_Z, align 2, align-sorted
   \   000000                REQUIRE ?cstart_init_zero
   \                     j:
   \   000000                DS8 2

   \                                 In  segment DATA16_Z, align 2, align-sorted
   \   000000                REQUIRE ?cstart_init_zero
   \                     k:
   \   000000                DS8 2

   \                                 In  segment DATA16_I, align 2, align-sorted
   \   000000                REQUIRE ?cstart_init_copy
     93          volatile unsigned int transmitFG=TRUE;
   \                     transmitFG:
   \   000000                DS8 2
   \   000002                REQUIRE `?<Initializer for transmitFG>`

   \                                 In  segment DATA16_Z, align 2, align-sorted
   \   000000                REQUIRE ?cstart_init_zero
     94          volatile unsigned int StartCommandFG=FALSE;
   \                     StartCommandFG:
   \   000000                DS8 2

   \                                 In  segment DATA16_Z, align 2, align-sorted
   \   000000                REQUIRE ?cstart_init_zero
     95          unsigned int macFG=FALSE;
   \                     macFG:
   \   000000                DS8 2

   \                                 In  segment DATA16_Z, align 1, align-sorted
   \   000000                REQUIRE ?cstart_init_zero
     96          volatile char IOTBufferReceive[100];
   \                     IOTBufferReceive:
   \   000000                DS8 100

   \                                 In  segment DATA16_Z, align 2, align-sorted
   \   000000                REQUIRE ?cstart_init_zero
     97          volatile unsigned int IOTIndexTransmit = FALSE;
   \                     IOTIndexTransmit:
   \   000000                DS8 2

   \                                 In  segment DATA16_Z, align 2, align-sorted
   \   000000                REQUIRE ?cstart_init_zero
     98          volatile unsigned int IOTIndexReceive = FALSE;
   \                     IOTIndexReceive:
   \   000000                DS8 2

   \                                 In  segment DATA16_Z, align 2, align-sorted
   \   000000                REQUIRE ?cstart_init_zero
     99          volatile unsigned int newLineFG=FALSE;
   \                     newLineFG:
   \   000000                DS8 2

   \                                 In  segment DATA16_Z, align 1, align-sorted
   \   000000                REQUIRE ?cstart_init_zero
    100          char SSIDBuff[11];
   \                     SSIDBuff:
   \   000000                DS8 11

   \                                 In  segment DATA16_Z, align 1, align-sorted
   \   000000                REQUIRE ?cstart_init_zero
    101          char firstipBuff[11];
   \                     firstipBuff:
   \   000000                DS8 11

   \                                 In  segment DATA16_Z, align 1, align-sorted
   \   000000                REQUIRE ?cstart_init_zero
    102          char secondipBuff[11];
   \                     secondipBuff:
   \   000000                DS8 11

   \                                 In  segment DATA16_Z, align 1, align-sorted
   \   000000                REQUIRE ?cstart_init_zero
    103          char firstMacBuff[11];
   \                     firstMacBuff:
   \   000000                DS8 11

   \                                 In  segment DATA16_Z, align 1, align-sorted
   \   000000                REQUIRE ?cstart_init_zero
    104          char secondMacBuff[11];
   \                     secondMacBuff:
   \   000000                DS8 11

   \                                 In  segment DATA16_Z, align 2, align-sorted
   \   000000                REQUIRE ?cstart_init_zero
    105          char *macPtr;
   \                     macPtr:
   \   000000                DS8 2

   \                                 In  segment DATA16_Z, align 2, align-sorted
   \   000000                REQUIRE ?cstart_init_zero
    106          char *ipPtr;
   \                     ipPtr:
   \   000000                DS8 2

   \                                 In  segment DATA16_Z, align 2, align-sorted
   \   000000                REQUIRE ?cstart_init_zero
    107          char *SSIDPtr;
   \                     SSIDPtr:
   \   000000                DS8 2

   \                                 In  segment DATA16_Z, align 2, align-sorted
   \   000000                REQUIRE ?cstart_init_zero
    108          unsigned int countP = FALSE;
   \                     countP:
   \   000000                DS8 2

   \                                 In  segment DATA16_Z, align 1, align-sorted
   \   000000                REQUIRE ?cstart_init_zero
    109          volatile char receiving[100];
   \                     receiving:
   \   000000                DS8 100

   \                                 In  segment DATA16_Z, align 2, align-sorted
   \   000000                REQUIRE ?cstart_init_zero
    110          volatile unsigned int receivingInd=0;
   \                     receivingInd:
   \   000000                DS8 2
    111          
    112          

   \                                 In  segment CODE, align 2
    113          void main(void){
   \                     main:
    114          //==============================================================================
    115          // Main Program
    116          // 
    117          // Description: This function contains the while loop that runs continuously
    118          // to act for the operating system. It also calls all the functions to
    119          // initialize the system.
    120          //
    121          // Passed : no variables passed
    122          // Locals: no variables declared
    123          // Returned: no values returned
    124          // Globals:     volatile unsigned int Time_Sequence;
    125          //              volatile char one_time;
    126          //              char* display_1
    127          //              char* display_2
    128          //              char* display_3
    129          //              char* display_4
    130          //              slow_input_down
    131          //              control_state[CNTL_STATE_INDEX]
    132          //              char big
    133          //              char size_count;
    134          //              char posL1
    135          //              char posL2
    136          //              char posL3
    137          //              char posL4
    138          //
    139          // Author: David Pryor
    140          // Date: Feb 2016
    141          // Compiler: Built with IAR Embedded Workbench Version: V4.10A/W32 (6.4.1)
    142          //==============================================================================
    143            Init_Ports();                             // Initialize Ports
   \   000000   ........     CALLA   #Init_Ports
    144            Init_Clocks();                            // Initialize Clock System 
   \   000004   ........     CALLA   #Init_Clocks
    145            Init_Conditions();
   \   000008   ........     CALLA   #Init_Conditions
    146            Time_Sequence = SWITCH_OFF;               // 
   \   00000C   8243....     MOV.W   #0x0, &Time_Sequence
    147            Init_Timers();                            // Initialize Timers
   \   000010   ........     CALLA   #Init_Timers
    148            Init_LEDs();                              // Initialize LEDs
   \   000014   ........     CALLA   #Init_LEDs
    149            Init_LCD();                               // Initialize LCD
   \   000018   ........     CALLA   #Init_LCD
    150            Init_ADC();                               // Initialize ADC
   \   00001C   ........     CALLA   #Init_ADC
    151            Init_Serial_UCA1(0);                      // BAUD rate 9600
   \   000020   0C43         MOV.W   #0x0, R12
   \   000022   ........     CALLA   #Init_Serial_UCA1
    152            Init_Serial_UCA0(1);                      // BAUD rate 9600
   \   000026   1C43         MOV.W   #0x1, R12
   \   000028   ........     CALLA   #Init_Serial_UCA0
    153            Five_msec_Delay(1);
   \   00002C   1C43         MOV.W   #0x1, R12
   \   00002E   ........     CALLA   #Five_msec_Delay
    154            PJOUT |= IOT_STA_MINIAP; //turning on miniap (only works this way)
   \   000032   A2D22203     BIS.W   #0x4, &0x322
    155            
    156            lcd_BIG_mid();
   \   000036   ........     CALLA   #lcd_BIG_mid
    157            display_1 = "  David   ";
   \   00003A   B240........ MOV.W   #`?<Constant "  David   ">`, &display_1
    158            display_2 = "Project  7";  
   \   000040   B240........ MOV.W   #`?<Constant "Project  7">`, &display_2
    159            display_3 = "  Pryor   ";
   \   000046   B240........ MOV.W   #`?<Constant "  Pryor   ">`, &display_3
    160            display_4 = "";
   \   00004C   B240........ MOV.W   #`?<Constant "">`, &display_4
    161            Display_Process();
   \   000052   ........     CALLA   #Display_Process
    162          
    163          
    164          
    165          //------------------------------------------------------------------------------
    166          // Begining of the "While" Operating System
    167          //------------------------------------------------------------------------------
    168            while(ALWAYS) {                            // Can the Operating system run
    169              
    170              ADC_Process();              // call sampling function
   \                     ??main_0:
   \   000056   ........     CALLA   #ADC_Process
    171              if(MainFG){
   \   00005A   8293....     CMP.W   #0x0, &MainFG
   \   00005E   0324         JEQ     ??main_1
    172                  Menu_Process();
   \   000060   ........     CALLA   #Menu_Process
   \   000064   0B3C         JMP     ??main_2
    173              }
    174              else if(BaudMenuFG==TRUE){
   \                     ??main_1:
   \   000066   9293....     CMP.W   #0x1, &BaudMenuFG
   \   00006A   0320         JNE     ??main_3
    175                  Baud_Menu(); 
   \   00006C   ........     CALLA   #Baud_Menu
   \   000070   053C         JMP     ??main_2
    176              }
    177              else if(IOTMenuFG==TRUE){
   \                     ??main_3:
   \   000072   9293....     CMP.W   #0x1, &IOTMenuFG
   \   000076   0220         JNE     ??main_2
    178                  IOT_Menu();
   \   000078   ........     CALLA   #IOT_Menu
    179              }
    180              
    181              if(StartCommandFG){ //StartCommandFG=TRUE once "@" has been received
   \                     ??main_2:
   \   00007C   8293....     CMP.W   #0x0, &StartCommandFG
   \   000080   0224         JEQ     ??main_4
    182                  commandTree();
   \   000082   ........     CALLA   #commandTree
    183              }
    184              printMacAddress(); //prints mac address to screen
   \                     ??main_4:
   \   000086   ........     CALLA   #printMacAddress
    185              macFG=FALSE; //turn off command to print mac address
   \   00008A   8243....     MOV.W   #0x0, &macFG
    186              clearReceiveBuffer();
   \   00008E   ........     CALLA   #clearReceiveBuffer
    187              parseIOTData();
   \   000092   ........     CALLA   #parseIOTData
   \   000096   DF3F         JMP     ??main_0
   \   000098   0343         NOP
   \   00009A                REQUIRE _A_PJOUT_L
    188            }
    189          //------------------------------------------------------------------------------
    190          }
    191          
    192          

   \                                 In  segment CODE, align 2
    193          void clearReceiveBuffer(void){
   \                     clearReceiveBuffer:
    194              if(newLineFG==TRUE){
   \   000000   9293....     CMP.W   #0x1, &newLineFG
   \   000004   1120         JNE     ??clearReceiveBuffer_1
    195                  newLineFG=FALSE;
   \   000006   8243....     MOV.W   #0x0, &newLineFG
    196                  receivingInd=0; //reset index
   \   00000A   8243....     MOV.W   #0x0, &receivingInd
    197                  for(i=0;i<100;i++){ //clear buffer
   \   00000E   8243....     MOV.W   #0x0, &i
   \                     ??clearReceiveBuffer_0:
   \   000012   B2906400.... CMP.W   #0x64, &i
   \   000018   072C         JC      ??clearReceiveBuffer_1
    198                      receiving[i]='\0';
   \   00001A   1F42....     MOV.W   &i, R15
   \   00001E   CF43....     MOV.B   #0x0, receiving(R15)
    199                  }
   \   000022   9253....     ADD.W   #0x1, &i
   \   000026   F53F         JMP     ??clearReceiveBuffer_0
    200              }
    201          }
   \                     ??clearReceiveBuffer_1:
   \   000028   1001         RETA
    202          

   \                                 In  segment CODE, align 2
    203          void printMacAddress(void){
   \                     printMacAddress:
    204              if(macFG==TRUE && UCA1BRW == 52){ //when mac address needed, will take from buffer, and print to screen.
   \   000000   9293....     CMP.W   #0x1, &macFG
   \   000004   5020         JNE     ??printMacAddress_4
   \   000006   B2903400E605 CMP.W   #0x34, &0x5e6
   \   00000C   4C20         JNE     ??printMacAddress_4
    205                 while(IOTBufferReceive[37]=='\0'); //wait until all received
   \                     ??printMacAddress_0:
   \   00000E   C293....     CMP.B   #0x0, &IOTBufferReceive + 37
   \   000012   FD27         JEQ     ??printMacAddress_0
    206                 for(i=21;i<=28;i++){ //capture first half of MAC address
   \   000014   B2401500.... MOV.W   #0x15, &i
   \                     ??printMacAddress_1:
   \   00001A   B2901D00.... CMP.W   #0x1d, &i
   \   000020   0A2C         JC      ??printMacAddress_5
    207                     firstMacBuff[i-21]=IOTBufferReceive[i];
   \   000022   1F42....     MOV.W   &i, R15
   \   000026   1E42....     MOV.W   &i, R14
   \   00002A   DE4F........ MOV.B   IOTBufferReceive(R15), LWRD(firstMacBuff + 65515)(R14)
    208                 }
   \   000030   9253....     ADD.W   #0x1, &i
   \   000034   F23F         JMP     ??printMacAddress_1
    209                 for(i=30;i<=37;i++){ //capture second half of MAC address
   \                     ??printMacAddress_5:
   \   000036   B2401E00.... MOV.W   #0x1e, &i
   \                     ??printMacAddress_2:
   \   00003C   B2902600.... CMP.W   #0x26, &i
   \   000042   0A2C         JC      ??printMacAddress_6
    210                     secondMacBuff[i-30]=IOTBufferReceive[i];
   \   000044   1F42....     MOV.W   &i, R15
   \   000048   1E42....     MOV.W   &i, R14
   \   00004C   DE4F........ MOV.B   IOTBufferReceive(R15), LWRD(secondMacBuff + 65506)(R14)
    211                 }
   \   000052   9253....     ADD.W   #0x1, &i
   \   000056   F23F         JMP     ??printMacAddress_2
    212                 lcd_4line();
   \                     ??printMacAddress_6:
   \   000058   ........     CALLA   #lcd_4line
    213                 display_1="Mac Addr:";
   \   00005C   B240........ MOV.W   #`?<Constant "Mac Addr:">`, &display_1
    214                 macPtr=firstMacBuff;
   \   000062   B240........ MOV.W   #firstMacBuff, &macPtr
    215                 display_2=macPtr;
   \   000068   9242........ MOV.W   &macPtr, &display_2
    216                 macPtr=secondMacBuff;
   \   00006E   B240........ MOV.W   #secondMacBuff, &macPtr
    217                 display_3=macPtr;
   \   000074   9242........ MOV.W   &macPtr, &display_3
    218                 display_4="          ";
   \   00007A   B240........ MOV.W   #`?<Constant "          ">`, &display_4
    219                 Display_Process();
   \   000080   ........     CALLA   #Display_Process
    220                 macFG=FALSE;
   \   000084   8243....     MOV.W   #0x0, &macFG
    221                 
    222                 for(i=0;i<40;i++){ //clear IOT buffer so that junk isnt written to terminal after junk-->command
   \   000088   8243....     MOV.W   #0x0, &i
   \                     ??printMacAddress_3:
   \   00008C   B2902800.... CMP.W   #0x28, &i
   \   000092   072C         JC      ??printMacAddress_7
    223                     IOTBufferReceive[i]='\0';
   \   000094   1F42....     MOV.W   &i, R15
   \   000098   CF43....     MOV.B   #0x0, IOTBufferReceive(R15)
    224                 }
   \   00009C   9253....     ADD.W   #0x1, &i
   \   0000A0   F53F         JMP     ??printMacAddress_3
    225                 
    226                 IOTIndexReceive=0;
   \                     ??printMacAddress_7:
   \   0000A2   8243....     MOV.W   #0x0, &IOTIndexReceive
    227             }
    228          }
   \                     ??printMacAddress_4:
   \   0000A6   1001         RETA
   \   0000A8                REQUIRE _A_UCA1BRW_L
    229          

   \                                 In  segment CODE, align 2
    230          void parseIOTData(void){
   \                     parseIOTData:
    231              for(i=0;i<=100-3;i++){ //search through received strings
   \   000000   8243....     MOV.W   #0x0, &i
   \                     ??parseIOTData_3:
   \   000004   B2906200.... CMP.W   #0x62, &i
   \   00000A   EF2C         JC      ??parseIOTData_6
    232                  if(receiving[i]=='D'){
   \   00000C   1F42....     MOV.W   &i, R15
   \   000010   FF904400.... CMP.B   #0x44, receiving(R15)
   \   000016   E620         JNE     ??parseIOTData_7
    233                      if(receiving[i+1]==':'){
   \   000018   1F42....     MOV.W   &i, R15
   \   00001C   FF903A00.... CMP.B   #0x3a, receiving + 1(R15)
   \   000022   E020         JNE     ??parseIOTData_7
    234                          if(receiving[i+2]=='2'){
   \   000024   1F42....     MOV.W   &i, R15
   \   000028   FF903200.... CMP.B   #0x32, receiving + 2(R15)
   \   00002E   B020         JNE     ??parseIOTData_8
    235                              Five_msec_Delay(1);
   \   000030   1C43         MOV.W   #0x1, R12
   \   000032   ........     CALLA   #Five_msec_Delay
    236                              if(receiving[i+3]=='1'){
   \   000036   1F42....     MOV.W   &i, R15
   \   00003A   FF903100.... CMP.B   #0x31, receiving + 3(R15)
   \   000040   0620         JNE     ??parseIOTData_9
    237                                  display_4="Scanning";
   \   000042   B240........ MOV.W   #`?<Constant "Scanning">`, &display_4
    238                                  Display_Process();
   \   000048   ........     CALLA   #Display_Process
   \   00004C   CB3C         JMP     ??parseIOTData_7
    239                              }
    240                              else if(receiving[i+3]=='4'){
   \                     ??parseIOTData_9:
   \   00004E   1F42....     MOV.W   &i, R15
   \   000052   FF903400.... CMP.B   #0x34, receiving + 3(R15)
   \   000058   6D20         JNE     ??parseIOTData_10
    241                                  countP=0; //initialize period counter
   \   00005A   8243....     MOV.W   #0x0, &countP
    242                                  Five_msec_Delay(3); //short delay to allow all characters to enter
   \   00005E   3C400300     MOV.W   #0x3, R12
   \   000062   ........     CALLA   #Five_msec_Delay
    243                                  j=0;
   \   000066   8243....     MOV.W   #0x0, &j
    244                                  for(i=17;receiving[i] != '\r';i++){ //go from beginning of address until 2nd period hit (2nd group)
   \   00006A   B2401100.... MOV.W   #0x11, &i
   \                     ??parseIOTData_0:
   \   000070   1F42....     MOV.W   &i, R15
   \   000074   FF900D00.... CMP.B   #0xd, receiving(R15)
   \   00007A   1724         JEQ     ??parseIOTData_5
    245                                      if(receiving[i] == '.'){
   \   00007C   1F42....     MOV.W   &i, R15
   \   000080   FF902E00.... CMP.B   #0x2e, receiving(R15)
   \   000086   0220         JNE     ??parseIOTData_11
    246                                          countP++;
   \   000088   9253....     ADD.W   #0x1, &countP
    247                                      }
    248                                      if(countP >=2){ //stop copying to buffer if 2nd period has been hit (2nd "group" is copied)
   \                     ??parseIOTData_11:
   \   00008C   A293....     CMP.W   #0x2, &countP
   \   000090   0C2C         JC      ??parseIOTData_5
    249                                          break;
    250                                      }
    251                                      firstipBuff[j]=receiving[i];
   \   000092   1F42....     MOV.W   &i, R15
   \   000096   1E42....     MOV.W   &j, R14
   \   00009A   DE4F........ MOV.B   receiving(R15), firstipBuff(R14)
    252                                      j++;
   \   0000A0   9253....     ADD.W   #0x1, &j
    253                                  }
   \   0000A4   9253....     ADD.W   #0x1, &i
   \   0000A8   E33F         JMP     ??parseIOTData_0
    254                                  posL3=(10-j)/2; //center first half of ip address
   \                     ??parseIOTData_5:
   \   0000AA   3E400A00     MOV.W   #0xa, R14
   \   0000AE   1E82....     SUB.W   &j, R14
   \   0000B2   5E03         RRUM.W  #0x1, R14
   \   0000B4   C24E....     MOV.B   R14, &posL3
    255                                  i++; //skip the period
   \   0000B8   9253....     ADD.W   #0x1, &i
    256                                  for(j=0;receiving[i] != '\r';i++){
   \   0000BC   8243....     MOV.W   #0x0, &j
   \                     ??parseIOTData_1:
   \   0000C0   1F42....     MOV.W   &i, R15
   \   0000C4   FF900D00.... CMP.B   #0xd, receiving(R15)
   \   0000CA   0C24         JEQ     ??parseIOTData_12
    257                                      secondipBuff[j]=receiving[i];
   \   0000CC   1F42....     MOV.W   &i, R15
   \   0000D0   1E42....     MOV.W   &j, R14
   \   0000D4   DE4F........ MOV.B   receiving(R15), secondipBuff(R14)
    258                                      j++;
   \   0000DA   9253....     ADD.W   #0x1, &j
    259                                  }
   \   0000DE   9253....     ADD.W   #0x1, &i
   \   0000E2   EE3F         JMP     ??parseIOTData_1
    260                                  posL4=(10-j)/2; //center second half of ip address
   \                     ??parseIOTData_12:
   \   0000E4   3E400A00     MOV.W   #0xa, R14
   \   0000E8   1E82....     SUB.W   &j, R14
   \   0000EC   5E03         RRUM.W  #0x1, R14
   \   0000EE   C24E....     MOV.B   R14, &posL4
    261                                  display_1=SSIDPtr; //from D:25 
   \   0000F2   9242........ MOV.W   &SSIDPtr, &display_1
    262                                  display_2="  ipaddr  ";
   \   0000F8   B240........ MOV.W   #`?<Constant "  ipaddr  ">`, &display_2
    263                                  ipPtr=firstipBuff;
   \   0000FE   B240........ MOV.W   #firstipBuff, &ipPtr
    264                                  display_3=ipPtr;
   \   000104   9242........ MOV.W   &ipPtr, &display_3
    265                                  ipPtr=secondipBuff;
   \   00010A   B240........ MOV.W   #secondipBuff, &ipPtr
    266                                  display_4=ipPtr;
   \   000110   9242........ MOV.W   &ipPtr, &display_4
    267                                  lcd_4line();
   \   000116   ........     CALLA   #lcd_4line
    268                                  Display_Process();
   \   00011A   ........     CALLA   #Display_Process
    269                                  Five_msec_Delay(600); //display IP for 3 seconds before screen gets cleared by menus
   \   00011E   3C405802     MOV.W   #0x258, R12
   \   000122   ........     CALLA   #Five_msec_Delay
    270                                  posL1=0; //reset line positions back to beginning
   \   000126   C243....     MOV.B   #0x0, &posL1
    271                                  posL3=0;
   \   00012A   C243....     MOV.B   #0x0, &posL3
    272                                  posL4=0;
   \   00012E   C243....     MOV.B   #0x0, &posL4
   \   000132   583C         JMP     ??parseIOTData_7
    273                                  
    274                              }
    275                              else if(receiving[i+3]=='5'){
   \                     ??parseIOTData_10:
   \   000134   1F42....     MOV.W   &i, R15
   \   000138   FF903500.... CMP.B   #0x35, receiving + 3(R15)
   \   00013E   5220         JNE     ??parseIOTData_7
    276                                  Five_msec_Delay(5);//short delay to allow all characters to enter
   \   000140   3C400500     MOV.W   #0x5, R12
   \   000144   ........     CALLA   #Five_msec_Delay
    277                                  for(i=32;receiving[i] != '\'' && i<=42 ;i++){ //copy SSID until end of quoted name or until max size for LCD is hit
   \   000148   B2402000.... MOV.W   #0x20, &i
   \                     ??parseIOTData_2:
   \   00014E   1F42....     MOV.W   &i, R15
   \   000152   FF902700.... CMP.B   #0x27, receiving(R15)
   \   000158   0E24         JEQ     ??parseIOTData_13
   \   00015A   B2902B00.... CMP.W   #0x2b, &i
   \   000160   0A2C         JC      ??parseIOTData_13
    278                                      SSIDBuff[i-32]=receiving[i];
   \   000162   1F42....     MOV.W   &i, R15
   \   000166   1E42....     MOV.W   &i, R14
   \   00016A   DE4F........ MOV.B   receiving(R15), LWRD(SSIDBuff + 65504)(R14)
    279                                  }
   \   000170   9253....     ADD.W   #0x1, &i
   \   000174   EC3F         JMP     ??parseIOTData_2
    280                                  SSIDPtr=SSIDBuff;
   \                     ??parseIOTData_13:
   \   000176   B240........ MOV.W   #SSIDBuff, &SSIDPtr
    281                                  posL1=(10-(i-32))/2; //center SSID
   \   00017C   3E400A00     MOV.W   #0xa, R14
   \   000180   1E82....     SUB.W   &i, R14
   \   000184   3E80E0FF     SUB.W   #0xffe0, R14
   \   000188   5E03         RRUM.W  #0x1, R14
   \   00018A   C24E....     MOV.B   R14, &posL1
   \   00018E   2A3C         JMP     ??parseIOTData_7
    282                                  //SSID is displayed in D:24
    283                              }
    284                              
    285                          }
    286                          else if(receiving[i+2]=='3'){ //clear display once scanning is complete
   \                     ??parseIOTData_8:
   \   000190   1F42....     MOV.W   &i, R15
   \   000194   FF903300.... CMP.B   #0x33, receiving + 2(R15)
   \   00019A   0C20         JNE     ??parseIOTData_14
    287                              if(receiving[i+3]=='5'){
   \   00019C   1F42....     MOV.W   &i, R15
   \   0001A0   FF903500.... CMP.B   #0x35, receiving + 3(R15)
   \   0001A6   1E20         JNE     ??parseIOTData_7
    288                                  display_4="          "; 
   \   0001A8   B240........ MOV.W   #`?<Constant "          ">`, &display_4
    289                                  Display_Process();
   \   0001AE   ........     CALLA   #Display_Process
   \   0001B2   183C         JMP     ??parseIOTData_7
    290                              }
    291                          }
    292                          else if(receiving[i+2]=='4'){ //detect disassociation --> reassociate by resetting module
   \                     ??parseIOTData_14:
   \   0001B4   1F42....     MOV.W   &i, R15
   \   0001B8   FF903400.... CMP.B   #0x34, receiving + 2(R15)
   \   0001BE   1220         JNE     ??parseIOTData_7
    293                              if(receiving[i+3]=='1'){
   \   0001C0   1F42....     MOV.W   &i, R15
   \   0001C4   FF903100.... CMP.B   #0x31, receiving + 3(R15)
   \   0001CA   0C20         JNE     ??parseIOTData_7
    294                                  uart_puts("AT+CFUN=1\r"); //Get SSID to ncsu
   \   0001CC   3C40....     MOV.W   #`?<Constant "AT+CFUN=1\\r">`, R12
   \   0001D0   ........     CALLA   #uart_puts
    295                                  PJOUT &= ~IOT_RESET; //reset IOT
   \   0001D4   B2C22203     BIC.W   #0x8, &0x322
    296                                  Five_msec_Delay(10); //wait 50 ms
   \   0001D8   3C400A00     MOV.W   #0xa, R12
   \   0001DC   ........     CALLA   #Five_msec_Delay
    297                                  PJOUT |= IOT_RESET; //turn IOT back on (stop reset)
   \   0001E0   B2D22203     BIS.W   #0x8, &0x322
    298                              }
    299                          }
    300                      }
    301                  }
    302              }
   \                     ??parseIOTData_7:
   \   0001E4   9253....     ADD.W   #0x1, &i
   \   0001E8   0D3F         JMP     ??parseIOTData_3
    303          }
   \                     ??parseIOTData_6:
   \   0001EA   1001         RETA
   \   0001EC                REQUIRE _A_PJOUT_L

   \                                 In  segment DATA16_ID, align 2, align-sorted
   \                     `?<Initializer for transmitFG>`:
   \   000000   0100         DC16 1

   \                                 In  segment DATA16_C, align 1, align-sorted
   \                     `?<Constant "  David   ">`:
   \   000000   202044617669 DC8 "  David   "
   \            6420202000  

   \                                 In  segment DATA16_C, align 1, align-sorted
   \                     `?<Constant "Project  7">`:
   \   000000   50726F6A6563 DC8 "Project  7"
   \            7420203700  

   \                                 In  segment DATA16_C, align 1, align-sorted
   \                     `?<Constant "  Pryor   ">`:
   \   000000   20205072796F DC8 "  Pryor   "
   \            7220202000  

   \                                 In  segment DATA16_C, align 1, align-sorted
   \                     `?<Constant "">`:
   \   000000   00           DC8 ""

   \                                 In  segment DATA16_C, align 1, align-sorted
   \                     `?<Constant "Mac Addr:">`:
   \   000000   4D6163204164 DC8 "Mac Addr:"
   \            64723A00    

   \                                 In  segment DATA16_C, align 1, align-sorted
   \                     `?<Constant "          ">`:
   \   000000   202020202020 DC8 "          "
   \            2020202000  

   \                                 In  segment DATA16_C, align 1, align-sorted
   \                     `?<Constant "Scanning">`:
   \   000000   5363616E6E69 DC8 "Scanning"
   \            6E6700      

   \                                 In  segment DATA16_C, align 1, align-sorted
   \                     `?<Constant "  ipaddr  ">`:
   \   000000   202069706164 DC8 "  ipaddr  "
   \            6472202000  

   \                                 In  segment DATA16_C, align 1, align-sorted
   \                     `?<Constant "AT+CFUN=1\\r">`:
   \   000000   41542B434655 DC8 "AT+CFUN=1\015"
   \            4E3D310D00  
    304          
    305          
    306          
    307          
    308          
    309          
    310          
    311          
    312          

   Maximum stack usage in bytes:

   CSTACK Function
   ------ --------
      4   clearReceiveBuffer
      4   main
        4   -> ADC_Process
        4   -> Baud_Menu
        4   -> Display_Process
        4   -> Five_msec_Delay
        4   -> IOT_Menu
        4   -> Init_ADC
        4   -> Init_Clocks
        4   -> Init_Conditions
        4   -> Init_LCD
        4   -> Init_LEDs
        4   -> Init_Ports
        4   -> Init_Serial_UCA0
        4   -> Init_Serial_UCA1
        4   -> Init_Timers
        4   -> Menu_Process
        4   -> clearReceiveBuffer
        4   -> commandTree
        4   -> lcd_BIG_mid
        4   -> parseIOTData
        4   -> printMacAddress
      4   parseIOTData
        4   -> Display_Process
        4   -> Five_msec_Delay
        4   -> lcd_4line
        4   -> uart_puts
      4   printMacAddress
        4   -> Display_Process
        4   -> lcd_4line


   Segment part sizes:

   Bytes  Function/Label
   -----  --------------
      11  ?<Constant "          ">
      11  ?<Constant "  David   ">
      11  ?<Constant "  Pryor   ">
      11  ?<Constant "  ipaddr  ">
       1  ?<Constant "">
      11  ?<Constant "AT+CFUN=1\r">
      10  ?<Constant "Mac Addr:">
      11  ?<Constant "Project  7">
       9  ?<Constant "Scanning">
       2  ?<Initializer for transmitFG>
       2  ADC_Left_Detector
       2  ADC_Right_Detector
       2  ADC_Thumb
     100  IOTBufferReceive
       2  IOTIndexReceive
       2  IOTIndexTransmit
      11  SSIDBuff
       2  SSIDPtr
       2  StartCommandFG
       2  Time_Sequence
       2  _A_PJOUT_L
       2  _A_UCA1BRW_L
       5  adc_char
       1  big
      42  clearReceiveBuffer
      30  commandBuffer
       2  commandIndex
       3  control_state
       2  countP
       2  display_count
       2  do_this
      11  firstMacBuff
      11  firstipBuff
       2  five_msec_delay
       2  i
       2  ipPtr
       2  j
       2  k
       1  led_smclk
       2  left_calibration_ambient
       2  left_calibration_black
       2  left_calibration_white
       2  macFG
       2  macPtr
     154  main
       2  menu_items
       2  newLineFG
       1  one_time
     492  parseIOTData
       1  posL1
       1  posL2
       1  posL3
       1  posL4
     168  printMacAddress
     100  receiving
       2  receivingInd
       2  right_calibration_ambient
       2  right_calibration_black
       2  right_calibration_white
      11  secondMacBuff
      11  secondipBuff
       1  size_count
       2  threshold
       2  transmitFG
       2  writeCommandFG

 
 856 bytes in segment CODE
   4 bytes in segment DATA16_AN
  86 bytes in segment DATA16_C
   2 bytes in segment DATA16_I
   2 bytes in segment DATA16_ID
 361 bytes in segment DATA16_Z
 
 856 bytes of CODE  memory
  88 bytes of CONST memory
 363 bytes of DATA  memory (+ 4 bytes shared)

Errors: none
Warnings: none
